[     215ms] [LOG] [Fast Refresh] rebuilding @ http://sjm.localhost:3000/_next/static/chunks/217dd_next_dist_9c560571._.js:2297
[    2692ms] [LOG] [Fast Refresh] done in 2581ms @ http://sjm.localhost:3000/_next/static/chunks/217dd_next_dist_9c560571._.js:2297
[    3373ms] [INFO] %cDownload the React DevTools for a better development experience: https://react.dev/link/react-devtools font-weight:bold @ http://sjm.localhost:3000/_next/static/chunks/217dd_next_dist_9c560571._.js:2297
[    3519ms] [LOG] [HMR] connected @ http://sjm.localhost:3000/_next/static/chunks/217dd_next_dist_9c560571._.js:2297
[    3891ms] [LOG] Detected Host: sjm.localhost:3000 http://sjm.localhost:3000/dashboardportal/jutePurchase/mr/edit?id=27825 @ http://sjm.localhost:3000/_next/static/chunks/217dd_next_dist_9c560571._.js:2297
[    3893ms] [LOG] Detected Host: sjm.localhost:3000 http://sjm.localhost:3000/dashboardportal/jutePurchase/mr/edit?id=27825 @ http://sjm.localhost:3000/_next/static/chunks/217dd_next_dist_9c560571._.js:2297
[    4051ms] [LOG] Detected Host: sjm.localhost:3000 http://sjm.localhost:3000/dashboardportal/jutePurchase/mr/edit?id=27825 @ http://sjm.localhost:3000/_next/static/chunks/217dd_next_dist_9c560571._.js:2297
[    4063ms] [LOG] Detected Host: sjm.localhost:3000 http://sjm.localhost:3000/dashboardportal/jutePurchase/mr/edit?id=27825 @ http://sjm.localhost:3000/_next/static/chunks/217dd_next_dist_9c560571._.js:2297
[    4179ms] [LOG] Detected Host: sjm.localhost:3000 http://sjm.localhost:3000/dashboardportal/jutePurchase/mr/edit?id=27825 @ http://sjm.localhost:3000/_next/static/chunks/217dd_next_dist_9c560571._.js:2297
[    4191ms] [LOG] Detected Host: sjm.localhost:3000 http://sjm.localhost:3000/dashboardportal/jutePurchase/mr/edit?id=27825 @ http://sjm.localhost:3000/_next/static/chunks/217dd_next_dist_9c560571._.js:2297
[    4235ms] [LOG] Detected Host: sjm.localhost:3000 http://sjm.localhost:3000/dashboardportal/jutePurchase/mr/edit?id=27825 @ http://sjm.localhost:3000/_next/static/chunks/217dd_next_dist_9c560571._.js:2297
[    4246ms] [LOG] Detected Host: sjm.localhost:3000 http://sjm.localhost:3000/dashboardportal/jutePurchase/mr/edit?id=27825 @ http://sjm.localhost:3000/_next/static/chunks/217dd_next_dist_9c560571._.js:2297
[    4304ms] [LOG] Detected Host: sjm.localhost:3000 http://sjm.localhost:3000/dashboardportal/jutePurchase/mr/edit?id=27825 @ http://sjm.localhost:3000/_next/static/chunks/217dd_next_dist_9c560571._.js:2297
[    4313ms] [LOG] Detected Host: sjm.localhost:3000 http://sjm.localhost:3000/dashboardportal/jutePurchase/mr/edit?id=27825 @ http://sjm.localhost:3000/_next/static/chunks/217dd_next_dist_9c560571._.js:2297
[    4385ms] [LOG] Detected Host: sjm.localhost:3000 http://sjm.localhost:3000/dashboardportal/jutePurchase/mr/edit?id=27825 @ http://sjm.localhost:3000/_next/static/chunks/217dd_next_dist_9c560571._.js:2297
[    4392ms] [LOG] Detected Host: sjm.localhost:3000 http://sjm.localhost:3000/dashboardportal/jutePurchase/mr/edit?id=27825 @ http://sjm.localhost:3000/_next/static/chunks/217dd_next_dist_9c560571._.js:2297
[    4422ms] [LOG] [Fast Refresh] rebuilding @ http://sjm.localhost:3000/_next/static/chunks/217dd_next_dist_9c560571._.js:2297
[    4434ms] [LOG] Detected Host: sjm.localhost:3000 http://sjm.localhost:3000/dashboardportal/jutePurchase/mr/edit?id=27825 @ http://sjm.localhost:3000/_next/static/chunks/217dd_next_dist_9c560571._.js:2297
[    4441ms] [LOG] Detected Host: sjm.localhost:3000 http://sjm.localhost:3000/dashboardportal/jutePurchase/mr/edit?id=27825 @ http://sjm.localhost:3000/_next/static/chunks/217dd_next_dist_9c560571._.js:2297
[    6410ms] [LOG] [Fast Refresh] done in 2385ms @ http://sjm.localhost:3000/_next/static/chunks/217dd_next_dist_9c560571._.js:2297
[    7352ms] [LOG] [ApprovalActionsBar] Visible buttons {buttons: Array(1), approvalInfo: Object, permissions: Object, handlers: Object, buttonCount: 1} @ http://sjm.localhost:3000/_next/static/chunks/217dd_next_dist_9c560571._.js:2297
[    7357ms] [LOG] [ApprovalActionsBar] Visible buttons {buttons: Array(1), approvalInfo: Object, permissions: Object, handlers: Object, buttonCount: 1} @ http://sjm.localhost:3000/_next/static/chunks/217dd_next_dist_9c560571._.js:2297
[    8690ms] [LOG] [ApprovalActionsBar] Visible buttons {buttons: Array(1), approvalInfo: Object, permissions: Object, handlers: Object, buttonCount: 1} @ http://sjm.localhost:3000/_next/static/chunks/217dd_next_dist_9c560571._.js:2297
[    8692ms] [LOG] [ApprovalActionsBar] Visible buttons {buttons: Array(1), approvalInfo: Object, permissions: Object, handlers: Object, buttonCount: 1} @ http://sjm.localhost:3000/_next/static/chunks/217dd_next_dist_9c560571._.js:2297
[    9386ms] [LOG] [ApprovalActionsBar] Visible buttons {buttons: Array(1), approvalInfo: Object, permissions: Object, handlers: Object, buttonCount: 1} @ http://sjm.localhost:3000/_next/static/chunks/217dd_next_dist_9c560571._.js:2297
[    9387ms] [LOG] [ApprovalActionsBar] Visible buttons {buttons: Array(1), approvalInfo: Object, permissions: Object, handlers: Object, buttonCount: 1} @ http://sjm.localhost:3000/_next/static/chunks/217dd_next_dist_9c560571._.js:2297
[   10042ms] [LOG] [ApprovalActionsBar] Visible buttons {buttons: Array(1), approvalInfo: Object, permissions: Object, handlers: Object, buttonCount: 1} @ http://sjm.localhost:3000/_next/static/chunks/217dd_next_dist_9c560571._.js:2297
[   10043ms] [LOG] [ApprovalActionsBar] Visible buttons {buttons: Array(1), approvalInfo: Object, permissions: Object, handlers: Object, buttonCount: 1} @ http://sjm.localhost:3000/_next/static/chunks/217dd_next_dist_9c560571._.js:2297
[   10746ms] [LOG] [ApprovalActionsBar] Visible buttons {buttons: Array(1), approvalInfo: Object, permissions: Object, handlers: Object, buttonCount: 1} @ http://sjm.localhost:3000/_next/static/chunks/217dd_next_dist_9c560571._.js:2297
[   10747ms] [LOG] [ApprovalActionsBar] Visible buttons {buttons: Array(1), approvalInfo: Object, permissions: Object, handlers: Object, buttonCount: 1} @ http://sjm.localhost:3000/_next/static/chunks/217dd_next_dist_9c560571._.js:2297
[   12814ms] [LOG] [ApprovalActionsBar] Visible buttons {buttons: Array(1), approvalInfo: Object, permissions: Object, handlers: Object, buttonCount: 1} @ http://sjm.localhost:3000/_next/static/chunks/217dd_next_dist_9c560571._.js:2297
[   12815ms] [LOG] [ApprovalActionsBar] Visible buttons {buttons: Array(1), approvalInfo: Object, permissions: Object, handlers: Object, buttonCount: 1} @ http://sjm.localhost:3000/_next/static/chunks/217dd_next_dist_9c560571._.js:2297
[   13449ms] [LOG] [ApprovalActionsBar] Visible buttons {buttons: Array(1), approvalInfo: Object, permissions: Object, handlers: Object, buttonCount: 1} @ http://sjm.localhost:3000/_next/static/chunks/217dd_next_dist_9c560571._.js:2297
[   13450ms] [LOG] [ApprovalActionsBar] Visible buttons {buttons: Array(1), approvalInfo: Object, permissions: Object, handlers: Object, buttonCount: 1} @ http://sjm.localhost:3000/_next/static/chunks/217dd_next_dist_9c560571._.js:2297
[   25211ms] [LOG] [Fast Refresh] rebuilding @ http://sjm.localhost:3000/_next/static/chunks/217dd_next_dist_9c560571._.js:2297
[   27320ms] [LOG] [Fast Refresh] done in 2211ms @ http://sjm.localhost:3000/_next/static/chunks/217dd_next_dist_9c560571._.js:2297
[   39306ms] [LOG] [Fast Refresh] rebuilding @ http://sjm.localhost:3000/_next/static/chunks/217dd_next_dist_9c560571._.js:2297
[   41523ms] [LOG] [Fast Refresh] done in 2327ms @ http://sjm.localhost:3000/_next/static/chunks/217dd_next_dist_9c560571._.js:2297
[   52279ms] [LOG] [ApprovalActionsBar] Visible buttons {buttons: Array(1), approvalInfo: Object, permissions: Object, handlers: Object, buttonCount: 1} @ http://sjm.localhost:3000/_next/static/chunks/217dd_next_dist_9c560571._.js:2297
[   52279ms] [LOG] [ApprovalActionsBar] Visible buttons {buttons: Array(1), approvalInfo: Object, permissions: Object, handlers: Object, buttonCount: 1} @ http://sjm.localhost:3000/_next/static/chunks/217dd_next_dist_9c560571._.js:2297
[   53782ms] [LOG] [Fast Refresh] rebuilding @ http://sjm.localhost:3000/_next/static/chunks/217dd_next_dist_9c560571._.js:2297
[   55897ms] [LOG] [Fast Refresh] done in 2219ms @ http://sjm.localhost:3000/_next/static/chunks/217dd_next_dist_9c560571._.js:2297
[  466657ms] [LOG] [Fast Refresh] rebuilding @ http://sjm.localhost:3000/_next/static/chunks/217dd_next_dist_9c560571._.js:2297
[  469251ms] [LOG] [Fast Refresh] done in 2696ms @ http://sjm.localhost:3000/_next/static/chunks/217dd_next_dist_9c560571._.js:2297
[  471066ms] [LOG] [Fast Refresh] rebuilding @ http://sjm.localhost:3000/_next/static/chunks/217dd_next_dist_9c560571._.js:2297
[  474093ms] [LOG] [Fast Refresh] done in 2776ms @ http://sjm.localhost:3000/_next/static/chunks/217dd_next_dist_9c560571._.js:2297
