[     183ms] [LOG] [Fast Refresh] rebuilding @ http://sjm.localhost:3000/_next/static/chunks/217dd_next_dist_9c560571._.js:2297
[    2666ms] [LOG] [Fast Refresh] done in 2584ms @ http://sjm.localhost:3000/_next/static/chunks/217dd_next_dist_9c560571._.js:2297
[    3253ms] [INFO] %cDownload the React DevTools for a better development experience: https://react.dev/link/react-devtools font-weight:bold @ http://sjm.localhost:3000/_next/static/chunks/217dd_next_dist_9c560571._.js:2297
[    3344ms] [LOG] [HMR] connected @ http://sjm.localhost:3000/_next/static/chunks/217dd_next_dist_9c560571._.js:2297
[    3819ms] [LOG] Detected Host: sjm.localhost:3000 http://sjm.localhost:3000/dashboardportal/jutePurchase/mr/edit?id=27825 @ http://sjm.localhost:3000/_next/static/chunks/217dd_next_dist_9c560571._.js:2297
[    3821ms] [LOG] Detected Host: sjm.localhost:3000 http://sjm.localhost:3000/dashboardportal/jutePurchase/mr/edit?id=27825 @ http://sjm.localhost:3000/_next/static/chunks/217dd_next_dist_9c560571._.js:2297
[    3912ms] [LOG] Detected Host: sjm.localhost:3000 http://sjm.localhost:3000/dashboardportal/jutePurchase/mr/edit?id=27825 @ http://sjm.localhost:3000/_next/static/chunks/217dd_next_dist_9c560571._.js:2297
[    3919ms] [LOG] Detected Host: sjm.localhost:3000 http://sjm.localhost:3000/dashboardportal/jutePurchase/mr/edit?id=27825 @ http://sjm.localhost:3000/_next/static/chunks/217dd_next_dist_9c560571._.js:2297
[    3989ms] [LOG] Detected Host: sjm.localhost:3000 http://sjm.localhost:3000/dashboardportal/jutePurchase/mr/edit?id=27825 @ http://sjm.localhost:3000/_next/static/chunks/217dd_next_dist_9c560571._.js:2297
[    4015ms] [LOG] Detected Host: sjm.localhost:3000 http://sjm.localhost:3000/dashboardportal/jutePurchase/mr/edit?id=27825 @ http://sjm.localhost:3000/_next/static/chunks/217dd_next_dist_9c560571._.js:2297
[    4052ms] [LOG] Detected Host: sjm.localhost:3000 http://sjm.localhost:3000/dashboardportal/jutePurchase/mr/edit?id=27825 @ http://sjm.localhost:3000/_next/static/chunks/217dd_next_dist_9c560571._.js:2297
[    4057ms] [LOG] Detected Host: sjm.localhost:3000 http://sjm.localhost:3000/dashboardportal/jutePurchase/mr/edit?id=27825 @ http://sjm.localhost:3000/_next/static/chunks/217dd_next_dist_9c560571._.js:2297
[    4097ms] [LOG] Detected Host: sjm.localhost:3000 http://sjm.localhost:3000/dashboardportal/jutePurchase/mr/edit?id=27825 @ http://sjm.localhost:3000/_next/static/chunks/217dd_next_dist_9c560571._.js:2297
[    4103ms] [LOG] Detected Host: sjm.localhost:3000 http://sjm.localhost:3000/dashboardportal/jutePurchase/mr/edit?id=27825 @ http://sjm.localhost:3000/_next/static/chunks/217dd_next_dist_9c560571._.js:2297
[    4176ms] [LOG] Detected Host: sjm.localhost:3000 http://sjm.localhost:3000/dashboardportal/jutePurchase/mr/edit?id=27825 @ http://sjm.localhost:3000/_next/static/chunks/217dd_next_dist_9c560571._.js:2297
[    4181ms] [LOG] Detected Host: sjm.localhost:3000 http://sjm.localhost:3000/dashboardportal/jutePurchase/mr/edit?id=27825 @ http://sjm.localhost:3000/_next/static/chunks/217dd_next_dist_9c560571._.js:2297
[    4219ms] [LOG] Detected Host: sjm.localhost:3000 http://sjm.localhost:3000/dashboardportal/jutePurchase/mr/edit?id=27825 @ http://sjm.localhost:3000/_next/static/chunks/217dd_next_dist_9c560571._.js:2297
[    4228ms] [LOG] Detected Host: sjm.localhost:3000 http://sjm.localhost:3000/dashboardportal/jutePurchase/mr/edit?id=27825 @ http://sjm.localhost:3000/_next/static/chunks/217dd_next_dist_9c560571._.js:2297
[    4448ms] [LOG] [Fast Refresh] rebuilding @ http://sjm.localhost:3000/_next/static/chunks/217dd_next_dist_9c560571._.js:2297
[    7015ms] [LOG] [ApprovalActionsBar] Visible buttons {buttons: Array(1), approvalInfo: Object, permissions: Object, handlers: Object, buttonCount: 1} @ http://sjm.localhost:3000/_next/static/chunks/217dd_next_dist_9c560571._.js:2297
[    7016ms] [LOG] [ApprovalActionsBar] Visible buttons {buttons: Array(1), approvalInfo: Object, permissions: Object, handlers: Object, buttonCount: 1} @ http://sjm.localhost:3000/_next/static/chunks/217dd_next_dist_9c560571._.js:2297
[    8280ms] [LOG] [ApprovalActionsBar] Visible buttons {buttons: Array(1), approvalInfo: Object, permissions: Object, handlers: Object, buttonCount: 1} @ http://sjm.localhost:3000/_next/static/chunks/217dd_next_dist_9c560571._.js:2297
[    8284ms] [LOG] [ApprovalActionsBar] Visible buttons {buttons: Array(1), approvalInfo: Object, permissions: Object, handlers: Object, buttonCount: 1} @ http://sjm.localhost:3000/_next/static/chunks/217dd_next_dist_9c560571._.js:2297
[    8502ms] [LOG] [Fast Refresh] done in 4161ms @ http://sjm.localhost:3000/_next/static/chunks/217dd_next_dist_9c560571._.js:2297
[    9081ms] [LOG] [ApprovalActionsBar] Visible buttons {buttons: Array(1), approvalInfo: Object, permissions: Object, handlers: Object, buttonCount: 1} @ http://sjm.localhost:3000/_next/static/chunks/217dd_next_dist_9c560571._.js:2297
[    9081ms] [LOG] [ApprovalActionsBar] Visible buttons {buttons: Array(1), approvalInfo: Object, permissions: Object, handlers: Object, buttonCount: 1} @ http://sjm.localhost:3000/_next/static/chunks/217dd_next_dist_9c560571._.js:2297
[    9724ms] [LOG] [ApprovalActionsBar] Visible buttons {buttons: Array(1), approvalInfo: Object, permissions: Object, handlers: Object, buttonCount: 1} @ http://sjm.localhost:3000/_next/static/chunks/217dd_next_dist_9c560571._.js:2297
[    9725ms] [LOG] [ApprovalActionsBar] Visible buttons {buttons: Array(1), approvalInfo: Object, permissions: Object, handlers: Object, buttonCount: 1} @ http://sjm.localhost:3000/_next/static/chunks/217dd_next_dist_9c560571._.js:2297
[   11313ms] [LOG] [Fast Refresh] rebuilding @ http://sjm.localhost:3000/_next/static/chunks/217dd_next_dist_9c560571._.js:2297
[   12638ms] [LOG] [ApprovalActionsBar] Visible buttons {buttons: Array(1), approvalInfo: Object, permissions: Object, handlers: Object, buttonCount: 1} @ http://sjm.localhost:3000/_next/static/chunks/217dd_next_dist_9c560571._.js:2297
[   12639ms] [LOG] [ApprovalActionsBar] Visible buttons {buttons: Array(1), approvalInfo: Object, permissions: Object, handlers: Object, buttonCount: 1} @ http://sjm.localhost:3000/_next/static/chunks/217dd_next_dist_9c560571._.js:2297
[   13092ms] [LOG] [ApprovalActionsBar] Visible buttons {buttons: Array(1), approvalInfo: Object, permissions: Object, handlers: Object, buttonCount: 1} @ http://sjm.localhost:3000/_next/static/chunks/217dd_next_dist_9c560571._.js:2297
[   13093ms] [LOG] [ApprovalActionsBar] Visible buttons {buttons: Array(1), approvalInfo: Object, permissions: Object, handlers: Object, buttonCount: 1} @ http://sjm.localhost:3000/_next/static/chunks/217dd_next_dist_9c560571._.js:2297
[   13127ms] [LOG] [Fast Refresh] done in 1927ms @ http://sjm.localhost:3000/_next/static/chunks/217dd_next_dist_9c560571._.js:2297
[   61889ms] [LOG] [Fast Refresh] rebuilding @ http://sjm.localhost:3000/_next/static/chunks/217dd_next_dist_9c560571._.js:2297
[   62882ms] [LOG] [Fast Refresh] done in 1096ms @ http://sjm.localhost:3000/_next/static/chunks/217dd_next_dist_9c560571._.js:2297
[   70237ms] [LOG] [Fast Refresh] rebuilding @ http://sjm.localhost:3000/_next/static/chunks/217dd_next_dist_9c560571._.js:2297
[   71321ms] [LOG] [ApprovalActionsBar] Visible buttons {buttons: Array(1), approvalInfo: Object, permissions: Object, handlers: Object, buttonCount: 1} @ http://sjm.localhost:3000/_next/static/chunks/217dd_next_dist_9c560571._.js:2297
[   71321ms] [LOG] [ApprovalActionsBar] Visible buttons {buttons: Array(1), approvalInfo: Object, permissions: Object, handlers: Object, buttonCount: 1} @ http://sjm.localhost:3000/_next/static/chunks/217dd_next_dist_9c560571._.js:2297
[   72075ms] [LOG] [Fast Refresh] done in 1940ms @ http://sjm.localhost:3000/_next/static/chunks/217dd_next_dist_9c560571._.js:2297
[  101170ms] [LOG] [Fast Refresh] rebuilding @ http://sjm.localhost:3000/_next/static/chunks/217dd_next_dist_9c560571._.js:2297
[  102035ms] [LOG] [Fast Refresh] done in 975ms @ http://sjm.localhost:3000/_next/static/chunks/217dd_next_dist_9c560571._.js:2297
[  109785ms] [LOG] [ApprovalActionsBar] Visible buttons {buttons: Array(1), approvalInfo: Object, permissions: Object, handlers: Object, buttonCount: 1} @ http://sjm.localhost:3000/_next/static/chunks/217dd_next_dist_9c560571._.js:2297
[  109785ms] [LOG] [ApprovalActionsBar] Visible buttons {buttons: Array(1), approvalInfo: Object, permissions: Object, handlers: Object, buttonCount: 1} @ http://sjm.localhost:3000/_next/static/chunks/217dd_next_dist_9c560571._.js:2297
[  111232ms] [LOG] [Fast Refresh] rebuilding @ http://sjm.localhost:3000/_next/static/chunks/217dd_next_dist_9c560571._.js:2297
[  111925ms] [LOG] [Fast Refresh] done in 798ms @ http://sjm.localhost:3000/_next/static/chunks/217dd_next_dist_9c560571._.js:2297
[  207896ms] [LOG] [Fast Refresh] rebuilding @ http://sjm.localhost:3000/_next/static/chunks/217dd_next_dist_9c560571._.js:2297
[  207992ms] [LOG] [Fast Refresh] done in 199ms @ http://sjm.localhost:3000/_next/static/chunks/217dd_next_dist_9c560571._.js:2297
[  352627ms] [LOG] [Fast Refresh] rebuilding @ http://sjm.localhost:3000/_next/static/chunks/217dd_next_dist_9c560571._.js:2297
[  355649ms] [LOG] [Fast Refresh] done in 2800ms @ http://sjm.localhost:3000/_next/static/chunks/217dd_next_dist_9c560571._.js:2297
[  356472ms] [LOG] [Fast Refresh] rebuilding @ http://sjm.localhost:3000/_next/static/chunks/217dd_next_dist_9c560571._.js:2297
[  356561ms] [LOG] [Fast Refresh] done in 191ms @ http://sjm.localhost:3000/_next/static/chunks/217dd_next_dist_9c560571._.js:2297
[  356669ms] [LOG] [Fast Refresh] rebuilding @ http://sjm.localhost:3000/_next/static/chunks/217dd_next_dist_9c560571._.js:2297
[  359329ms] [LOG] [Fast Refresh] done in 2407ms @ http://sjm.localhost:3000/_next/static/chunks/217dd_next_dist_9c560571._.js:2297
[  365523ms] [LOG] [Fast Refresh] rebuilding @ http://sjm.localhost:3000/_next/static/chunks/217dd_next_dist_9c560571._.js:2297
[  365703ms] [LOG] [Fast Refresh] done in 282ms @ http://sjm.localhost:3000/_next/static/chunks/217dd_next_dist_9c560571._.js:2297
[  365820ms] [LOG] [Fast Refresh] rebuilding @ http://sjm.localhost:3000/_next/static/chunks/217dd_next_dist_9c560571._.js:2297
[  368366ms] [LOG] [Fast Refresh] done in 2346ms @ http://sjm.localhost:3000/_next/static/chunks/217dd_next_dist_9c560571._.js:2297
[  369698ms] [LOG] [Fast Refresh] rebuilding @ http://sjm.localhost:3000/_next/static/chunks/217dd_next_dist_9c560571._.js:2297
[  372236ms] [LOG] [Fast Refresh] done in 2399ms @ http://sjm.localhost:3000/_next/static/chunks/217dd_next_dist_9c560571._.js:2297
[  376025ms] [LOG] [Fast Refresh] rebuilding @ http://sjm.localhost:3000/_next/static/chunks/217dd_next_dist_9c560571._.js:2297
[  378336ms] [LOG] [Fast Refresh] done in 2420ms @ http://sjm.localhost:3000/_next/static/chunks/217dd_next_dist_9c560571._.js:2297
