[     135ms] [LOG] [Fast Refresh] rebuilding @ http://sjm.localhost:3000/_next/static/chunks/217dd_next_dist_9c560571._.js:2297
[    1652ms] [LOG] [Fast Refresh] done in 1619ms @ http://sjm.localhost:3000/_next/static/chunks/217dd_next_dist_9c560571._.js:2297
[    1866ms] [INFO] %cDownload the React DevTools for a better development experience: https://react.dev/link/react-devtools font-weight:bold @ http://sjm.localhost:3000/_next/static/chunks/217dd_next_dist_9c560571._.js:2297
[    1913ms] [LOG] [HMR] connected @ http://sjm.localhost:3000/_next/static/chunks/217dd_next_dist_9c560571._.js:2297
[    2006ms] [LOG] Detected Host: sjm.localhost:3000 http://sjm.localhost:3000/dashboardportal/masters/partyMaster @ http://sjm.localhost:3000/_next/static/chunks/217dd_next_dist_9c560571._.js:2297
[    2006ms] [LOG] Detected Host: sjm.localhost:3000 http://sjm.localhost:3000/dashboardportal/masters/partyMaster @ http://sjm.localhost:3000/_next/static/chunks/217dd_next_dist_9c560571._.js:2297
[    2038ms] [LOG] Detected Host: sjm.localhost:3000 http://sjm.localhost:3000/dashboardportal/masters/partyMaster @ http://sjm.localhost:3000/_next/static/chunks/217dd_next_dist_9c560571._.js:2297
[    2039ms] [LOG] Detected Host: sjm.localhost:3000 http://sjm.localhost:3000/dashboardportal/masters/partyMaster @ http://sjm.localhost:3000/_next/static/chunks/217dd_next_dist_9c560571._.js:2297
[    2068ms] [LOG] Detected Host: sjm.localhost:3000 http://sjm.localhost:3000/dashboardportal/masters/partyMaster @ http://sjm.localhost:3000/_next/static/chunks/217dd_next_dist_9c560571._.js:2297
[    2069ms] [LOG] Detected Host: sjm.localhost:3000 http://sjm.localhost:3000/dashboardportal/masters/partyMaster @ http://sjm.localhost:3000/_next/static/chunks/217dd_next_dist_9c560571._.js:2297
[    2102ms] [LOG] Detected Host: sjm.localhost:3000 http://sjm.localhost:3000/dashboardportal/masters/partyMaster @ http://sjm.localhost:3000/_next/static/chunks/217dd_next_dist_9c560571._.js:2297
[    2103ms] [LOG] Detected Host: sjm.localhost:3000 http://sjm.localhost:3000/dashboardportal/masters/partyMaster @ http://sjm.localhost:3000/_next/static/chunks/217dd_next_dist_9c560571._.js:2297
[    2126ms] [LOG] Detected Host: sjm.localhost:3000 http://sjm.localhost:3000/dashboardportal/masters/partyMaster @ http://sjm.localhost:3000/_next/static/chunks/217dd_next_dist_9c560571._.js:2297
[    2126ms] [LOG] Detected Host: sjm.localhost:3000 http://sjm.localhost:3000/dashboardportal/masters/partyMaster @ http://sjm.localhost:3000/_next/static/chunks/217dd_next_dist_9c560571._.js:2297
[    2325ms] [LOG] Detected Host: sjm.localhost:3000 http://sjm.localhost:3000/dashboardportal/masters/partyMaster @ http://sjm.localhost:3000/_next/static/chunks/217dd_next_dist_9c560571._.js:2297
[    2333ms] [LOG] Detected Host: sjm.localhost:3000 http://sjm.localhost:3000/dashboardportal/masters/partyMaster @ http://sjm.localhost:3000/_next/static/chunks/217dd_next_dist_9c560571._.js:2297
[    2578ms] [LOG] Detected Host: sjm.localhost:3000 http://sjm.localhost:3000/dashboardportal/masters/partyMaster @ http://sjm.localhost:3000/_next/static/chunks/217dd_next_dist_9c560571._.js:2297
[    2582ms] [LOG] Detected Host: sjm.localhost:3000 http://sjm.localhost:3000/dashboardportal/masters/partyMaster @ http://sjm.localhost:3000/_next/static/chunks/217dd_next_dist_9c560571._.js:2297
[    2787ms] [LOG] Detected Host: sjm.localhost:3000 http://sjm.localhost:3000/dashboardportal/masters/partyMaster @ http://sjm.localhost:3000/_next/static/chunks/217dd_next_dist_9c560571._.js:2297
[    2791ms] [LOG] Detected Host: sjm.localhost:3000 http://sjm.localhost:3000/dashboardportal/masters/partyMaster @ http://sjm.localhost:3000/_next/static/chunks/217dd_next_dist_9c560571._.js:2297
[    3154ms] [LOG] Detected Host: sjm.localhost:3000 http://sjm.localhost:3000/dashboardportal/masters/partyMaster @ http://sjm.localhost:3000/_next/static/chunks/217dd_next_dist_9c560571._.js:2297
[    3161ms] [LOG] Detected Host: sjm.localhost:3000 http://sjm.localhost:3000/dashboardportal/masters/partyMaster @ http://sjm.localhost:3000/_next/static/chunks/217dd_next_dist_9c560571._.js:2297
[    3585ms] [LOG] Detected Host: sjm.localhost:3000 http://sjm.localhost:3000/dashboardportal/masters/partyMaster @ http://sjm.localhost:3000/_next/static/chunks/217dd_next_dist_9c560571._.js:2297
[    3590ms] [LOG] Detected Host: sjm.localhost:3000 http://sjm.localhost:3000/dashboardportal/masters/partyMaster @ http://sjm.localhost:3000/_next/static/chunks/217dd_next_dist_9c560571._.js:2297
